// Jest Snapshot v1, https://goo.gl/fbAQLP

exports[`OfflineBanner matches snapshot 1`] = `
<View
  className="flex-row items-center justify-center bg-yellow-500 p-2"
>
  <
    color="#000"
    name="cloud-offline"
    size={18}
  />
  <Text
    className="text-back ml-2 text-center"
  >
    You are offline. Some features may be limited.
  </Text>
</View>
`;
